2026-09-17T21:42:21.149+05:30  INFO 46744 --- [spring-logger-practice] [main] com.example.logger.LoggerApplication     : Starting LoggerApplication using Java 26.0.2.1 with PID 46744 (C:\Users\srini\Desktop\Spring&Hibernate\logger-practice\target\classes started by Sai in C:\Users\srini\Desktop\Spring&Hibernate\logger-practice)
2026-09-17T21:42:21.150+05:30 DEBUG 46744 --- [spring-logger-practice] [main] com.example.logger.LoggerApplication     : Running with Spring Boot v3.4.5, Spring v6.2.6
2026-09-17T21:42:21.151+05:30  INFO 46744 --- [spring-logger-practice] [main] com.example.logger.LoggerApplication     : No active profile set, falling back to 1 default profile: "default"
2026-09-17T21:42:21.949+05:30  INFO 46744 --- [spring-logger-practice] [main] o.s.b.w.embedded.tomcat.TomcatWebServer  : Tomcat initialized with port 8080 (http)
2026-09-17T21:42:21.966+05:30  INFO 46744 --- [spring-logger-practice] [main] o.apache.catalina.core.StandardService   : Starting service [Tomcat]
2026-09-17T21:42:21.967+05:30  INFO 46744 --- [spring-logger-practice] [main] o.apache.catalina.core.StandardEngine    : Starting Servlet engine: [Apache Tomcat/10.1.40]
2026-09-17T21:42:22.044+05:30  INFO 46744 --- [spring-logger-practice] [main] o.a.c.c.C.[Tomcat].[localhost].[/]       : Initializing Spring embedded WebApplicationContext
2026-09-17T21:42:22.044+05:30  INFO 46744 --- [spring-logger-practice] [main] w.s.c.ServletWebServerApplicationContext : Root WebApplicationContext: initialization completed in 808 ms
2026-09-17T21:42:22.374+05:30  WARN 46744 --- [spring-logger-practice] [main] ConfigServletWebServerApplicationContext : Exception encountered during context initialization - cancelling refresh attempt: org.springframework.context.ApplicationContextException: Failed to start bean 'webServerStartStop'
2026-09-17T21:42:22.389+05:30  INFO 46744 --- [spring-logger-practice] [main] .s.b.a.l.ConditionEvaluationReportLogger : 

Error starting ApplicationContext. To display the condition evaluation report re-run your application with 'debug' enabled.
2026-09-17T21:42:22.402+05:30 ERROR 46744 --- [spring-logger-practice] [main] o.s.b.d.LoggingFailureAnalysisReporter   : 

***************************
APPLICATION FAILED TO START
***************************

Description:

Web server failed to start. Port 8080 was already in use.

Action:

Identify and stop the process that's listening on port 8080 or configure this application to listen on another port.

2026-09-17T21:43:14.764+05:30  INFO 54128 --- [spring-logger-practice] [main] com.example.logger.LoggerApplication     : Starting LoggerApplication using Java 26.0.2.1 with PID 54128 (C:\Users\srini\Desktop\Spring&Hibernate\logger-practice\target\classes started by Sai in C:\Users\srini\Desktop\Spring&Hibernate\logger-practice)
2026-09-17T21:43:14.766+05:30 DEBUG 54128 --- [spring-logger-practice] [main] com.example.logger.LoggerApplication     : Running with Spring Boot v3.4.5, Spring v6.2.6
2026-09-17T21:43:14.766+05:30  INFO 54128 --- [spring-logger-practice] [main] com.example.logger.LoggerApplication     : No active profile set, falling back to 1 default profile: "default"
2026-09-17T21:43:15.482+05:30  INFO 54128 --- [spring-logger-practice] [main] o.s.b.w.embedded.tomcat.TomcatWebServer  : Tomcat initialized with port 8080 (http)
2026-09-17T21:43:15.506+05:30  INFO 54128 --- [spring-logger-practice] [main] o.apache.catalina.core.StandardService   : Starting service [Tomcat]
2026-09-17T21:43:15.507+05:30  INFO 54128 --- [spring-logger-practice] [main] o.apache.catalina.core.StandardEngine    : Starting Servlet engine: [Apache Tomcat/10.1.40]
2026-09-17T21:43:15.558+05:30  INFO 54128 --- [spring-logger-practice] [main] o.a.c.c.C.[Tomcat].[localhost].[/]       : Initializing Spring embedded WebApplicationContext
2026-09-17T21:43:15.558+05:30  INFO 54128 --- [spring-logger-practice] [main] w.s.c.ServletWebServerApplicationContext : Root WebApplicationContext: initialization completed in 751 ms
2026-09-17T21:43:15.845+05:30  WARN 54128 --- [spring-logger-practice] [main] ConfigServletWebServerApplicationContext : Exception encountered during context initialization - cancelling refresh attempt: org.springframework.context.ApplicationContextException: Failed to start bean 'webServerStartStop'
2026-09-17T21:43:15.857+05:30  INFO 54128 --- [spring-logger-practice] [main] .s.b.a.l.ConditionEvaluationReportLogger : 

Error starting ApplicationContext. To display the condition evaluation report re-run your application with 'debug' enabled.
2026-09-17T21:43:15.871+05:30 ERROR 54128 --- [spring-logger-practice] [main] o.s.b.d.LoggingFailureAnalysisReporter   : 

***************************
APPLICATION FAILED TO START
***************************

Description:

Web server failed to start. Port 8080 was already in use.

Action:

Identify and stop the process that's listening on port 8080 or configure this application to listen on another port.

2026-09-17T21:44:41.515+05:30  INFO 38516 --- [spring-logger-practice] [main] com.example.logger.LoggerApplication     : Starting LoggerApplication using Java 26.0.2.1 with PID 38516 (C:\Users\srini\Desktop\Spring&Hibernate\logger-practice\target\classes started by Sai in C:\Users\srini\Desktop\Spring&Hibernate\logger-practice)
2026-09-17T21:44:41.517+05:30 DEBUG 38516 --- [spring-logger-practice] [main] com.example.logger.LoggerApplication     : Running with Spring Boot v3.4.5, Spring v6.2.6
2026-09-17T21:44:41.517+05:30  INFO 38516 --- [spring-logger-practice] [main] com.example.logger.LoggerApplication     : No active profile set, falling back to 1 default profile: "default"
2026-09-17T21:44:42.036+05:30  INFO 38516 --- [spring-logger-practice] [main] o.s.b.w.embedded.tomcat.TomcatWebServer  : Tomcat initialized with port 8081 (http)
2026-09-17T21:44:42.051+05:30  INFO 38516 --- [spring-logger-practice] [main] o.apache.catalina.core.StandardService   : Starting service [Tomcat]
2026-09-17T21:44:42.052+05:30  INFO 38516 --- [spring-logger-practice] [main] o.apache.catalina.core.StandardEngine    : Starting Servlet engine: [Apache Tomcat/10.1.40]
2026-09-17T21:44:42.095+05:30  INFO 38516 --- [spring-logger-practice] [main] o.a.c.c.C.[Tomcat].[localhost].[/]       : Initializing Spring embedded WebApplicationContext
2026-09-17T21:44:42.096+05:30  INFO 38516 --- [spring-logger-practice] [main] w.s.c.ServletWebServerApplicationContext : Root WebApplicationContext: initialization completed in 541 ms
2026-09-17T21:44:42.302+05:30  WARN 38516 --- [spring-logger-practice] [main] ConfigServletWebServerApplicationContext : Exception encountered during context initialization - cancelling refresh attempt: org.springframework.context.ApplicationContextException: Failed to start bean 'webServerStartStop'
2026-09-17T21:44:42.313+05:30  INFO 38516 --- [spring-logger-practice] [main] .s.b.a.l.ConditionEvaluationReportLogger : 

Error starting ApplicationContext. To display the condition evaluation report re-run your application with 'debug' enabled.
2026-09-17T21:44:42.323+05:30 ERROR 38516 --- [spring-logger-practice] [main] o.s.b.d.LoggingFailureAnalysisReporter   : 

***************************
APPLICATION FAILED TO START
***************************

Description:

Web server failed to start. Port 8081 was already in use.

Action:

Identify and stop the process that's listening on port 8081 or configure this application to listen on another port.

2026-09-17T21:45:14.713+05:30  INFO 60240 --- [spring-logger-practice] [main] com.example.logger.LoggerApplication     : Starting LoggerApplication using Java 26.0.2.1 with PID 60240 (C:\Users\srini\Desktop\Spring&Hibernate\logger-practice\target\classes started by Sai in C:\Users\srini\Desktop\Spring&Hibernate\logger-practice)
2026-09-17T21:45:14.714+05:30 DEBUG 60240 --- [spring-logger-practice] [main] com.example.logger.LoggerApplication     : Running with Spring Boot v3.4.5, Spring v6.2.6
2026-09-17T21:45:14.714+05:30  INFO 60240 --- [spring-logger-practice] [main] com.example.logger.LoggerApplication     : No active profile set, falling back to 1 default profile: "default"
2026-09-17T21:45:15.321+05:30  INFO 60240 --- [spring-logger-practice] [main] o.s.b.w.embedded.tomcat.TomcatWebServer  : Tomcat initialized with port 8081 (http)
2026-09-17T21:45:15.336+05:30  INFO 60240 --- [spring-logger-practice] [main] o.apache.catalina.core.StandardService   : Starting service [Tomcat]
2026-09-17T21:45:15.336+05:30  INFO 60240 --- [spring-logger-practice] [main] o.apache.catalina.core.StandardEngine    : Starting Servlet engine: [Apache Tomcat/10.1.40]
2026-09-17T21:45:15.378+05:30  INFO 60240 --- [spring-logger-practice] [main] o.a.c.c.C.[Tomcat].[localhost].[/]       : Initializing Spring embedded WebApplicationContext
2026-09-17T21:45:15.379+05:30  INFO 60240 --- [spring-logger-practice] [main] w.s.c.ServletWebServerApplicationContext : Root WebApplicationContext: initialization completed in 635 ms
2026-09-17T21:45:15.589+05:30  WARN 60240 --- [spring-logger-practice] [main] ConfigServletWebServerApplicationContext : Exception encountered during context initialization - cancelling refresh attempt: org.springframework.context.ApplicationContextException: Failed to start bean 'webServerStartStop'
2026-09-17T21:45:15.598+05:30  INFO 60240 --- [spring-logger-practice] [main] .s.b.a.l.ConditionEvaluationReportLogger : 

Error starting ApplicationContext. To display the condition evaluation report re-run your application with 'debug' enabled.
2026-09-17T21:45:15.611+05:30 ERROR 60240 --- [spring-logger-practice] [main] o.s.b.d.LoggingFailureAnalysisReporter   : 

***************************
APPLICATION FAILED TO START
***************************

Description:

Web server failed to start. Port 8081 was already in use.

Action:

Identify and stop the process that's listening on port 8081 or configure this application to listen on another port.

2026-09-17T21:45:40.789+05:30  INFO 48460 --- [spring-logger-practice] [main] com.example.logger.LoggerApplication     : Starting LoggerApplication using Java 26.0.2.1 with PID 48460 (C:\Users\srini\Desktop\Spring&Hibernate\logger-practice\target\classes started by Sai in C:\Users\srini\Desktop\Spring&Hibernate\logger-practice)
2026-09-17T21:45:40.790+05:30 DEBUG 48460 --- [spring-logger-practice] [main] com.example.logger.LoggerApplication     : Running with Spring Boot v3.4.5, Spring v6.2.6
2026-09-17T21:45:40.791+05:30  INFO 48460 --- [spring-logger-practice] [main] com.example.logger.LoggerApplication     : No active profile set, falling back to 1 default profile: "default"
2026-09-17T21:45:41.401+05:30  INFO 48460 --- [spring-logger-practice] [main] o.s.b.w.embedded.tomcat.TomcatWebServer  : Tomcat initialized with port 8082 (http)
2026-09-17T21:45:41.430+05:30  INFO 48460 --- [spring-logger-practice] [main] o.apache.catalina.core.StandardService   : Starting service [Tomcat]
2026-09-17T21:45:41.430+05:30  INFO 48460 --- [spring-logger-practice] [main] o.apache.catalina.core.StandardEngine    : Starting Servlet engine: [Apache Tomcat/10.1.40]
2026-09-17T21:45:41.479+05:30  INFO 48460 --- [spring-logger-practice] [main] o.a.c.c.C.[Tomcat].[localhost].[/]       : Initializing Spring embedded WebApplicationContext
2026-09-17T21:45:41.479+05:30  INFO 48460 --- [spring-logger-practice] [main] w.s.c.ServletWebServerApplicationContext : Root WebApplicationContext: initialization completed in 650 ms
2026-09-17T21:45:41.857+05:30  INFO 48460 --- [spring-logger-practice] [main] o.s.b.w.embedded.tomcat.TomcatWebServer  : Tomcat started on port 8082 (http) with context path '/'
2026-09-17T21:45:41.864+05:30  INFO 48460 --- [spring-logger-practice] [main] com.example.logger.LoggerApplication     : Started LoggerApplication in 1.414 seconds (process running for 1.652)
2026-09-17T21:46:43.974+05:30  INFO 68908 --- [spring-logger-practice] [main] com.example.logger.LoggerApplication     : Starting LoggerApplication using Java 26.0.2.1 with PID 68908 (C:\Users\srini\Desktop\Spring&Hibernate\logger-practice\target\classes started by Sai in C:\Users\srini\Desktop\Spring&Hibernate\logger-practice)
2026-09-17T21:46:43.976+05:30 DEBUG 68908 --- [spring-logger-practice] [main] com.example.logger.LoggerApplication     : Running with Spring Boot v3.4.5, Spring v6.2.6
2026-09-17T21:46:43.977+05:30  INFO 68908 --- [spring-logger-practice] [main] com.example.logger.LoggerApplication     : No active profile set, falling back to 1 default profile: "default"
2026-09-17T21:46:44.584+05:30  INFO 68908 --- [spring-logger-practice] [main] o.s.b.w.embedded.tomcat.TomcatWebServer  : Tomcat initialized with port 8082 (http)
2026-09-17T21:46:44.603+05:30  INFO 68908 --- [spring-logger-practice] [main] o.apache.catalina.core.StandardService   : Starting service [Tomcat]
2026-09-17T21:46:44.603+05:30  INFO 68908 --- [spring-logger-practice] [main] o.apache.catalina.core.StandardEngine    : Starting Servlet engine: [Apache Tomcat/10.1.40]
2026-09-17T21:46:44.718+05:30  INFO 68908 --- [spring-logger-practice] [main] o.a.c.c.C.[Tomcat].[localhost].[/]       : Initializing Spring embedded WebApplicationContext
2026-09-17T21:46:44.719+05:30  INFO 68908 --- [spring-logger-practice] [main] w.s.c.ServletWebServerApplicationContext : Root WebApplicationContext: initialization completed in 711 ms
2026-09-17T21:46:45.114+05:30  INFO 68908 --- [spring-logger-practice] [main] o.s.b.w.embedded.tomcat.TomcatWebServer  : Tomcat started on port 8082 (http) with context path '/'
2026-09-17T21:46:45.119+05:30  INFO 68908 --- [spring-logger-practice] [main] com.example.logger.LoggerApplication     : Started LoggerApplication in 1.458 seconds (process running for 1.675)
2026-09-17T21:47:01.491+05:30  INFO 68908 --- [spring-logger-practice] [http-nio-8082-exec-1] o.a.c.c.C.[Tomcat].[localhost].[/]       : Initializing Spring DispatcherServlet 'dispatcherServlet'
2026-09-17T21:47:01.500+05:30  INFO 68908 --- [spring-logger-practice] [http-nio-8082-exec-1] o.s.web.servlet.DispatcherServlet        : Initializing Servlet 'dispatcherServlet'
2026-09-17T21:47:01.503+05:30  INFO 68908 --- [spring-logger-practice] [http-nio-8082-exec-1] o.s.web.servlet.DispatcherServlet        : Completed initialization in 2 ms
2026-09-17T21:47:51.401+05:30  INFO 68908 --- [spring-logger-practice] [http-nio-8082-exec-6] c.e.logger.controller.UserController     : Received request to find user with id=1
2026-09-17T21:47:51.583+05:30 DEBUG 68908 --- [spring-logger-practice] [http-nio-8082-exec-6] com.example.logger.service.UserService   : Searching database for user with id=1
2026-09-17T21:47:51.586+05:30 DEBUG 68908 --- [spring-logger-practice] [http-nio-8082-exec-6] com.example.logger.service.UserService   : User found successfully for id=1
2026-09-17T21:47:51.587+05:30  INFO 68908 --- [spring-logger-practice] [http-nio-8082-exec-6] c.e.logger.controller.UserController     : Returning user response for id=1
2026-09-17T21:48:13.938+05:30  INFO 68908 --- [spring-logger-practice] [http-nio-8082-exec-5] c.e.logger.controller.UserController     : Received request to find user with id=0
2026-09-17T21:48:13.951+05:30 DEBUG 68908 --- [spring-logger-practice] [http-nio-8082-exec-5] com.example.logger.service.UserService   : Searching database for user with id=0
2026-09-17T21:48:13.964+05:30  WARN 68908 --- [spring-logger-practice] [http-nio-8082-exec-5] com.example.logger.service.UserService   : Invalid user id received: 0
2026-09-17T21:48:14.119+05:30 ERROR 68908 --- [spring-logger-practice] [http-nio-8082-exec-5] o.a.c.c.C.[.[.[/].[dispatcherServlet]    : Servlet.service() for servlet [dispatcherServlet] in context with path [] threw exception [Request processing failed: java.lang.IllegalArgumentException: User id must be greater than zero] with root cause

java.lang.IllegalArgumentException: User id must be greater than zero
	at com.example.logger.service.UserService.findUserById(UserService.java:17) ~[classes/:na]
	at com.example.logger.controller.UserController.getUser(UserController.java:28) ~[classes/:na]
	at java.base/jdk.internal.reflect.DirectMethodHandleAccessor.invoke(DirectMethodHandleAccessor.java:104) ~[na:na]
	at java.base/java.lang.reflect.Method.invoke(Method.java:565) ~[na:na]
	at org.springframework.web.method.support.InvocableHandlerMethod.doInvoke(InvocableHandlerMethod.java:258) ~[spring-web-6.2.6.jar:6.2.6]
	at org.springframework.web.method.support.InvocableHandlerMethod.invokeForRequest(InvocableHandlerMethod.java:191) ~[spring-web-6.2.6.jar:6.2.6]
	at org.springframework.web.servlet.mvc.method.annotation.ServletInvocableHandlerMethod.invokeAndHandle(ServletInvocableHandlerMethod.java:118) ~[spring-webmvc-6.2.6.jar:6.2.6]
	at org.springframework.web.servlet.mvc.method.annotation.RequestMappingHandlerAdapter.invokeHandlerMethod(RequestMappingHandlerAdapter.java:986) ~[spring-webmvc-6.2.6.jar:6.2.6]
	at org.springframework.web.servlet.mvc.method.annotation.RequestMappingHandlerAdapter.handleInternal(RequestMappingHandlerAdapter.java:891) ~[spring-webmvc-6.2.6.jar:6.2.6]
	at org.springframework.web.servlet.mvc.method.AbstractHandlerMethodAdapter.handle(AbstractHandlerMethodAdapter.java:87) ~[spring-webmvc-6.2.6.jar:6.2.6]
	at org.springframework.web.servlet.DispatcherServlet.doDispatch(DispatcherServlet.java:1089) ~[spring-webmvc-6.2.6.jar:6.2.6]
	at org.springframework.web.servlet.DispatcherServlet.doService(DispatcherServlet.java:979) ~[spring-webmvc-6.2.6.jar:6.2.6]
	at org.springframework.web.servlet.FrameworkServlet.processRequest(FrameworkServlet.java:1014) ~[spring-webmvc-6.2.6.jar:6.2.6]
	at org.springframework.web.servlet.FrameworkServlet.doGet(FrameworkServlet.java:903) ~[spring-webmvc-6.2.6.jar:6.2.6]
	at jakarta.servlet.http.HttpServlet.service(HttpServlet.java:564) ~[tomcat-embed-core-10.1.40.jar:6.0]
	at org.springframework.web.servlet.FrameworkServlet.service(FrameworkServlet.java:885) ~[spring-webmvc-6.2.6.jar:6.2.6]
	at jakarta.servlet.http.HttpServlet.service(HttpServlet.java:658) ~[tomcat-embed-core-10.1.40.jar:6.0]
	at org.apache.catalina.core.ApplicationFilterChain.internalDoFilter(ApplicationFilterChain.java:195) ~[tomcat-embed-core-10.1.40.jar:10.1.40]
	at org.apache.catalina.core.ApplicationFilterChain.doFilter(ApplicationFilterChain.java:140) ~[tomcat-embed-core-10.1.40.jar:10.1.40]
	at org.apache.tomcat.websocket.server.WsFilter.doFilter(WsFilter.java:51) ~[tomcat-embed-websocket-10.1.40.jar:10.1.40]
	at org.apache.catalina.core.ApplicationFilterChain.internalDoFilter(ApplicationFilterChain.java:164) ~[tomcat-embed-core-10.1.40.jar:10.1.40]
	at org.apache.catalina.core.ApplicationFilterChain.doFilter(ApplicationFilterChain.java:140) ~[tomcat-embed-core-10.1.40.jar:10.1.40]
	at org.springframework.web.filter.RequestContextFilter.doFilterInternal(RequestContextFilter.java:100) ~[spring-web-6.2.6.jar:6.2.6]
	at org.springframework.web.filter.OncePerRequestFilter.doFilter(OncePerRequestFilter.java:116) ~[spring-web-6.2.6.jar:6.2.6]
	at org.apache.catalina.core.ApplicationFilterChain.internalDoFilter(ApplicationFilterChain.java:164) ~[tomcat-embed-core-10.1.40.jar:10.1.40]
	at org.apache.catalina.core.ApplicationFilterChain.doFilter(ApplicationFilterChain.java:140) ~[tomcat-embed-core-10.1.40.jar:10.1.40]
	at org.springframework.web.filter.FormContentFilter.doFilterInternal(FormContentFilter.java:93) ~[spring-web-6.2.6.jar:6.2.6]
	at org.springframework.web.filter.OncePerRequestFilter.doFilter(OncePerRequestFilter.java:116) ~[spring-web-6.2.6.jar:6.2.6]
	at org.apache.catalina.core.ApplicationFilterChain.internalDoFilter(ApplicationFilterChain.java:164) ~[tomcat-embed-core-10.1.40.jar:10.1.40]
	at org.apache.catalina.core.ApplicationFilterChain.doFilter(ApplicationFilterChain.java:140) ~[tomcat-embed-core-10.1.40.jar:10.1.40]
	at org.springframework.web.filter.CharacterEncodingFilter.doFilterInternal(CharacterEncodingFilter.java:201) ~[spring-web-6.2.6.jar:6.2.6]
	at org.springframework.web.filter.OncePerRequestFilter.doFilter(OncePerRequestFilter.java:116) ~[spring-web-6.2.6.jar:6.2.6]
	at org.apache.catalina.core.ApplicationFilterChain.internalDoFilter(ApplicationFilterChain.java:164) ~[tomcat-embed-core-10.1.40.jar:10.1.40]
	at org.apache.catalina.core.ApplicationFilterChain.doFilter(ApplicationFilterChain.java:140) ~[tomcat-embed-core-10.1.40.jar:10.1.40]
	at org.apache.catalina.core.StandardWrapperValve.invoke(StandardWrapperValve.java:167) ~[tomcat-embed-core-10.1.40.jar:10.1.40]
	at org.apache.catalina.core.StandardContextValve.invoke(StandardContextValve.java:90) ~[tomcat-embed-core-10.1.40.jar:10.1.40]
	at org.apache.catalina.authenticator.AuthenticatorBase.invoke(AuthenticatorBase.java:483) ~[tomcat-embed-core-10.1.40.jar:10.1.40]
	at org.apache.catalina.core.StandardHostValve.invoke(StandardHostValve.java:116) ~[tomcat-embed-core-10.1.40.jar:10.1.40]
	at org.apache.catalina.valves.ErrorReportValve.invoke(ErrorReportValve.java:93) ~[tomcat-embed-core-10.1.40.jar:10.1.40]
	at org.apache.catalina.core.StandardEngineValve.invoke(StandardEngineValve.java:74) ~[tomcat-embed-core-10.1.40.jar:10.1.40]
	at org.apache.catalina.connector.CoyoteAdapter.service(CoyoteAdapter.java:344) ~[tomcat-embed-core-10.1.40.jar:10.1.40]
	at org.apache.coyote.http11.Http11Processor.service(Http11Processor.java:398) ~[tomcat-embed-core-10.1.40.jar:10.1.40]
	at org.apache.coyote.AbstractProcessorLight.process(AbstractProcessorLight.java:63) ~[tomcat-embed-core-10.1.40.jar:10.1.40]
	at org.apache.coyote.AbstractProtocol$ConnectionHandler.process(AbstractProtocol.java:903) ~[tomcat-embed-core-10.1.40.jar:10.1.40]
	at org.apache.tomcat.util.net.NioEndpoint$SocketProcessor.doRun(NioEndpoint.java:1740) ~[tomcat-embed-core-10.1.40.jar:10.1.40]
	at org.apache.tomcat.util.net.SocketProcessorBase.run(SocketProcessorBase.java:52) ~[tomcat-embed-core-10.1.40.jar:10.1.40]
	at org.apache.tomcat.util.threads.ThreadPoolExecutor.runWorker(ThreadPoolExecutor.java:1189) ~[tomcat-embed-core-10.1.40.jar:10.1.40]
	at org.apache.tomcat.util.threads.ThreadPoolExecutor$Worker.run(ThreadPoolExecutor.java:658) ~[tomcat-embed-core-10.1.40.jar:10.1.40]
	at org.apache.tomcat.util.threads.TaskThread$WrappingRunnable.run(TaskThread.java:63) ~[tomcat-embed-core-10.1.40.jar:10.1.40]
	at java.base/java.lang.Thread.run(Thread.java:1516) ~[na:na]

2026-09-17T21:48:26.479+05:30  INFO 68908 --- [spring-logger-practice] [http-nio-8082-exec-7] c.e.logger.controller.UserController     : Received request to find user with id=404
2026-09-17T21:48:26.485+05:30 DEBUG 68908 --- [spring-logger-practice] [http-nio-8082-exec-7] com.example.logger.service.UserService   : Searching database for user with id=404
2026-09-17T21:48:26.486+05:30 ERROR 68908 --- [spring-logger-practice] [http-nio-8082-exec-7] com.example.logger.service.UserService   : User was not found for id=404
2026-09-17T21:48:26.492+05:30 ERROR 68908 --- [spring-logger-practice] [http-nio-8082-exec-7] o.a.c.c.C.[.[.[/].[dispatcherServlet]    : Servlet.service() for servlet [dispatcherServlet] in context with path [] threw exception [Request processing failed: com.example.logger.service.UserService$UserNotFoundException: User not found: 404] with root cause

com.example.logger.service.UserService$UserNotFoundException: User not found: 404
	at com.example.logger.service.UserService.findUserById(UserService.java:22) ~[classes/:na]
	at com.example.logger.controller.UserController.getUser(UserController.java:28) ~[classes/:na]
	at java.base/jdk.internal.reflect.DirectMethodHandleAccessor.invoke(DirectMethodHandleAccessor.java:104) ~[na:na]
	at java.base/java.lang.reflect.Method.invoke(Method.java:565) ~[na:na]
	at org.springframework.web.method.support.InvocableHandlerMethod.doInvoke(InvocableHandlerMethod.java:258) ~[spring-web-6.2.6.jar:6.2.6]
	at org.springframework.web.method.support.InvocableHandlerMethod.invokeForRequest(InvocableHandlerMethod.java:191) ~[spring-web-6.2.6.jar:6.2.6]
	at org.springframework.web.servlet.mvc.method.annotation.ServletInvocableHandlerMethod.invokeAndHandle(ServletInvocableHandlerMethod.java:118) ~[spring-webmvc-6.2.6.jar:6.2.6]
	at org.springframework.web.servlet.mvc.method.annotation.RequestMappingHandlerAdapter.invokeHandlerMethod(RequestMappingHandlerAdapter.java:986) ~[spring-webmvc-6.2.6.jar:6.2.6]
	at org.springframework.web.servlet.mvc.method.annotation.RequestMappingHandlerAdapter.handleInternal(RequestMappingHandlerAdapter.java:891) ~[spring-webmvc-6.2.6.jar:6.2.6]
	at org.springframework.web.servlet.mvc.method.AbstractHandlerMethodAdapter.handle(AbstractHandlerMethodAdapter.java:87) ~[spring-webmvc-6.2.6.jar:6.2.6]
	at org.springframework.web.servlet.DispatcherServlet.doDispatch(DispatcherServlet.java:1089) ~[spring-webmvc-6.2.6.jar:6.2.6]
	at org.springframework.web.servlet.DispatcherServlet.doService(DispatcherServlet.java:979) ~[spring-webmvc-6.2.6.jar:6.2.6]
	at org.springframework.web.servlet.FrameworkServlet.processRequest(FrameworkServlet.java:1014) ~[spring-webmvc-6.2.6.jar:6.2.6]
	at org.springframework.web.servlet.FrameworkServlet.doGet(FrameworkServlet.java:903) ~[spring-webmvc-6.2.6.jar:6.2.6]
	at jakarta.servlet.http.HttpServlet.service(HttpServlet.java:564) ~[tomcat-embed-core-10.1.40.jar:6.0]
	at org.springframework.web.servlet.FrameworkServlet.service(FrameworkServlet.java:885) ~[spring-webmvc-6.2.6.jar:6.2.6]
	at jakarta.servlet.http.HttpServlet.service(HttpServlet.java:658) ~[tomcat-embed-core-10.1.40.jar:6.0]
	at org.apache.catalina.core.ApplicationFilterChain.internalDoFilter(ApplicationFilterChain.java:195) ~[tomcat-embed-core-10.1.40.jar:10.1.40]
	at org.apache.catalina.core.ApplicationFilterChain.doFilter(ApplicationFilterChain.java:140) ~[tomcat-embed-core-10.1.40.jar:10.1.40]
	at org.apache.tomcat.websocket.server.WsFilter.doFilter(WsFilter.java:51) ~[tomcat-embed-websocket-10.1.40.jar:10.1.40]
	at org.apache.catalina.core.ApplicationFilterChain.internalDoFilter(ApplicationFilterChain.java:164) ~[tomcat-embed-core-10.1.40.jar:10.1.40]
	at org.apache.catalina.core.ApplicationFilterChain.doFilter(ApplicationFilterChain.java:140) ~[tomcat-embed-core-10.1.40.jar:10.1.40]
	at org.springframework.web.filter.RequestContextFilter.doFilterInternal(RequestContextFilter.java:100) ~[spring-web-6.2.6.jar:6.2.6]
	at org.springframework.web.filter.OncePerRequestFilter.doFilter(OncePerRequestFilter.java:116) ~[spring-web-6.2.6.jar:6.2.6]
	at org.apache.catalina.core.ApplicationFilterChain.internalDoFilter(ApplicationFilterChain.java:164) ~[tomcat-embed-core-10.1.40.jar:10.1.40]
	at org.apache.catalina.core.ApplicationFilterChain.doFilter(ApplicationFilterChain.java:140) ~[tomcat-embed-core-10.1.40.jar:10.1.40]
	at org.springframework.web.filter.FormContentFilter.doFilterInternal(FormContentFilter.java:93) ~[spring-web-6.2.6.jar:6.2.6]
	at org.springframework.web.filter.OncePerRequestFilter.doFilter(OncePerRequestFilter.java:116) ~[spring-web-6.2.6.jar:6.2.6]
	at org.apache.catalina.core.ApplicationFilterChain.internalDoFilter(ApplicationFilterChain.java:164) ~[tomcat-embed-core-10.1.40.jar:10.1.40]
	at org.apache.catalina.core.ApplicationFilterChain.doFilter(ApplicationFilterChain.java:140) ~[tomcat-embed-core-10.1.40.jar:10.1.40]
	at org.springframework.web.filter.CharacterEncodingFilter.doFilterInternal(CharacterEncodingFilter.java:201) ~[spring-web-6.2.6.jar:6.2.6]
	at org.springframework.web.filter.OncePerRequestFilter.doFilter(OncePerRequestFilter.java:116) ~[spring-web-6.2.6.jar:6.2.6]
	at org.apache.catalina.core.ApplicationFilterChain.internalDoFilter(ApplicationFilterChain.java:164) ~[tomcat-embed-core-10.1.40.jar:10.1.40]
	at org.apache.catalina.core.ApplicationFilterChain.doFilter(ApplicationFilterChain.java:140) ~[tomcat-embed-core-10.1.40.jar:10.1.40]
	at org.apache.catalina.core.StandardWrapperValve.invoke(StandardWrapperValve.java:167) ~[tomcat-embed-core-10.1.40.jar:10.1.40]
	at org.apache.catalina.core.StandardContextValve.invoke(StandardContextValve.java:90) ~[tomcat-embed-core-10.1.40.jar:10.1.40]
	at org.apache.catalina.authenticator.AuthenticatorBase.invoke(AuthenticatorBase.java:483) ~[tomcat-embed-core-10.1.40.jar:10.1.40]
	at org.apache.catalina.core.StandardHostValve.invoke(StandardHostValve.java:116) ~[tomcat-embed-core-10.1.40.jar:10.1.40]
	at org.apache.catalina.valves.ErrorReportValve.invoke(ErrorReportValve.java:93) ~[tomcat-embed-core-10.1.40.jar:10.1.40]
	at org.apache.catalina.core.StandardEngineValve.invoke(StandardEngineValve.java:74) ~[tomcat-embed-core-10.1.40.jar:10.1.40]
	at org.apache.catalina.connector.CoyoteAdapter.service(CoyoteAdapter.java:344) ~[tomcat-embed-core-10.1.40.jar:10.1.40]
	at org.apache.coyote.http11.Http11Processor.service(Http11Processor.java:398) ~[tomcat-embed-core-10.1.40.jar:10.1.40]
	at org.apache.coyote.AbstractProcessorLight.process(AbstractProcessorLight.java:63) ~[tomcat-embed-core-10.1.40.jar:10.1.40]
	at org.apache.coyote.AbstractProtocol$ConnectionHandler.process(AbstractProtocol.java:903) ~[tomcat-embed-core-10.1.40.jar:10.1.40]
	at org.apache.tomcat.util.net.NioEndpoint$SocketProcessor.doRun(NioEndpoint.java:1740) ~[tomcat-embed-core-10.1.40.jar:10.1.40]
	at org.apache.tomcat.util.net.SocketProcessorBase.run(SocketProcessorBase.java:52) ~[tomcat-embed-core-10.1.40.jar:10.1.40]
	at org.apache.tomcat.util.threads.ThreadPoolExecutor.runWorker(ThreadPoolExecutor.java:1189) ~[tomcat-embed-core-10.1.40.jar:10.1.40]
	at org.apache.tomcat.util.threads.ThreadPoolExecutor$Worker.run(ThreadPoolExecutor.java:658) ~[tomcat-embed-core-10.1.40.jar:10.1.40]
	at org.apache.tomcat.util.threads.TaskThread$WrappingRunnable.run(TaskThread.java:63) ~[tomcat-embed-core-10.1.40.jar:10.1.40]
	at java.base/java.lang.Thread.run(Thread.java:1516) ~[na:na]

2026-09-17T21:48:31.341+05:30  INFO 68908 --- [spring-logger-practice] [http-nio-8082-exec-8] c.e.logger.controller.UserController     : Received request to find user with id=404
2026-09-17T21:48:31.343+05:30 DEBUG 68908 --- [spring-logger-practice] [http-nio-8082-exec-8] com.example.logger.service.UserService   : Searching database for user with id=404
2026-09-17T21:48:31.343+05:30 ERROR 68908 --- [spring-logger-practice] [http-nio-8082-exec-8] com.example.logger.service.UserService   : User was not found for id=404
2026-09-17T21:48:31.348+05:30 ERROR 68908 --- [spring-logger-practice] [http-nio-8082-exec-8] o.a.c.c.C.[.[.[/].[dispatcherServlet]    : Servlet.service() for servlet [dispatcherServlet] in context with path [] threw exception [Request processing failed: com.example.logger.service.UserService$UserNotFoundException: User not found: 404] with root cause

com.example.logger.service.UserService$UserNotFoundException: User not found: 404
	at com.example.logger.service.UserService.findUserById(UserService.java:22) ~[classes/:na]
	at com.example.logger.controller.UserController.getUser(UserController.java:28) ~[classes/:na]
	at java.base/jdk.internal.reflect.DirectMethodHandleAccessor.invoke(DirectMethodHandleAccessor.java:104) ~[na:na]
	at java.base/java.lang.reflect.Method.invoke(Method.java:565) ~[na:na]
	at org.springframework.web.method.support.InvocableHandlerMethod.doInvoke(InvocableHandlerMethod.java:258) ~[spring-web-6.2.6.jar:6.2.6]
	at org.springframework.web.method.support.InvocableHandlerMethod.invokeForRequest(InvocableHandlerMethod.java:191) ~[spring-web-6.2.6.jar:6.2.6]
	at org.springframework.web.servlet.mvc.method.annotation.ServletInvocableHandlerMethod.invokeAndHandle(ServletInvocableHandlerMethod.java:118) ~[spring-webmvc-6.2.6.jar:6.2.6]
	at org.springframework.web.servlet.mvc.method.annotation.RequestMappingHandlerAdapter.invokeHandlerMethod(RequestMappingHandlerAdapter.java:986) ~[spring-webmvc-6.2.6.jar:6.2.6]
	at org.springframework.web.servlet.mvc.method.annotation.RequestMappingHandlerAdapter.handleInternal(RequestMappingHandlerAdapter.java:891) ~[spring-webmvc-6.2.6.jar:6.2.6]
	at org.springframework.web.servlet.mvc.method.AbstractHandlerMethodAdapter.handle(AbstractHandlerMethodAdapter.java:87) ~[spring-webmvc-6.2.6.jar:6.2.6]
	at org.springframework.web.servlet.DispatcherServlet.doDispatch(DispatcherServlet.java:1089) ~[spring-webmvc-6.2.6.jar:6.2.6]
	at org.springframework.web.servlet.DispatcherServlet.doService(DispatcherServlet.java:979) ~[spring-webmvc-6.2.6.jar:6.2.6]
	at org.springframework.web.servlet.FrameworkServlet.processRequest(FrameworkServlet.java:1014) ~[spring-webmvc-6.2.6.jar:6.2.6]
	at org.springframework.web.servlet.FrameworkServlet.doGet(FrameworkServlet.java:903) ~[spring-webmvc-6.2.6.jar:6.2.6]
	at jakarta.servlet.http.HttpServlet.service(HttpServlet.java:564) ~[tomcat-embed-core-10.1.40.jar:6.0]
	at org.springframework.web.servlet.FrameworkServlet.service(FrameworkServlet.java:885) ~[spring-webmvc-6.2.6.jar:6.2.6]
	at jakarta.servlet.http.HttpServlet.service(HttpServlet.java:658) ~[tomcat-embed-core-10.1.40.jar:6.0]
	at org.apache.catalina.core.ApplicationFilterChain.internalDoFilter(ApplicationFilterChain.java:195) ~[tomcat-embed-core-10.1.40.jar:10.1.40]
	at org.apache.catalina.core.ApplicationFilterChain.doFilter(ApplicationFilterChain.java:140) ~[tomcat-embed-core-10.1.40.jar:10.1.40]
	at org.apache.tomcat.websocket.server.WsFilter.doFilter(WsFilter.java:51) ~[tomcat-embed-websocket-10.1.40.jar:10.1.40]
	at org.apache.catalina.core.ApplicationFilterChain.internalDoFilter(ApplicationFilterChain.java:164) ~[tomcat-embed-core-10.1.40.jar:10.1.40]
	at org.apache.catalina.core.ApplicationFilterChain.doFilter(ApplicationFilterChain.java:140) ~[tomcat-embed-core-10.1.40.jar:10.1.40]
	at org.springframework.web.filter.RequestContextFilter.doFilterInternal(RequestContextFilter.java:100) ~[spring-web-6.2.6.jar:6.2.6]
	at org.springframework.web.filter.OncePerRequestFilter.doFilter(OncePerRequestFilter.java:116) ~[spring-web-6.2.6.jar:6.2.6]
	at org.apache.catalina.core.ApplicationFilterChain.internalDoFilter(ApplicationFilterChain.java:164) ~[tomcat-embed-core-10.1.40.jar:10.1.40]
	at org.apache.catalina.core.ApplicationFilterChain.doFilter(ApplicationFilterChain.java:140) ~[tomcat-embed-core-10.1.40.jar:10.1.40]
	at org.springframework.web.filter.FormContentFilter.doFilterInternal(FormContentFilter.java:93) ~[spring-web-6.2.6.jar:6.2.6]
	at org.springframework.web.filter.OncePerRequestFilter.doFilter(OncePerRequestFilter.java:116) ~[spring-web-6.2.6.jar:6.2.6]
	at org.apache.catalina.core.ApplicationFilterChain.internalDoFilter(ApplicationFilterChain.java:164) ~[tomcat-embed-core-10.1.40.jar:10.1.40]
	at org.apache.catalina.core.ApplicationFilterChain.doFilter(ApplicationFilterChain.java:140) ~[tomcat-embed-core-10.1.40.jar:10.1.40]
	at org.springframework.web.filter.CharacterEncodingFilter.doFilterInternal(CharacterEncodingFilter.java:201) ~[spring-web-6.2.6.jar:6.2.6]
	at org.springframework.web.filter.OncePerRequestFilter.doFilter(OncePerRequestFilter.java:116) ~[spring-web-6.2.6.jar:6.2.6]
	at org.apache.catalina.core.ApplicationFilterChain.internalDoFilter(ApplicationFilterChain.java:164) ~[tomcat-embed-core-10.1.40.jar:10.1.40]
	at org.apache.catalina.core.ApplicationFilterChain.doFilter(ApplicationFilterChain.java:140) ~[tomcat-embed-core-10.1.40.jar:10.1.40]
	at org.apache.catalina.core.StandardWrapperValve.invoke(StandardWrapperValve.java:167) ~[tomcat-embed-core-10.1.40.jar:10.1.40]
	at org.apache.catalina.core.StandardContextValve.invoke(StandardContextValve.java:90) ~[tomcat-embed-core-10.1.40.jar:10.1.40]
	at org.apache.catalina.authenticator.AuthenticatorBase.invoke(AuthenticatorBase.java:483) ~[tomcat-embed-core-10.1.40.jar:10.1.40]
	at org.apache.catalina.core.StandardHostValve.invoke(StandardHostValve.java:116) ~[tomcat-embed-core-10.1.40.jar:10.1.40]
	at org.apache.catalina.valves.ErrorReportValve.invoke(ErrorReportValve.java:93) ~[tomcat-embed-core-10.1.40.jar:10.1.40]
	at org.apache.catalina.core.StandardEngineValve.invoke(StandardEngineValve.java:74) ~[tomcat-embed-core-10.1.40.jar:10.1.40]
	at org.apache.catalina.connector.CoyoteAdapter.service(CoyoteAdapter.java:344) ~[tomcat-embed-core-10.1.40.jar:10.1.40]
	at org.apache.coyote.http11.Http11Processor.service(Http11Processor.java:398) ~[tomcat-embed-core-10.1.40.jar:10.1.40]
	at org.apache.coyote.AbstractProcessorLight.process(AbstractProcessorLight.java:63) ~[tomcat-embed-core-10.1.40.jar:10.1.40]
	at org.apache.coyote.AbstractProtocol$ConnectionHandler.process(AbstractProtocol.java:903) ~[tomcat-embed-core-10.1.40.jar:10.1.40]
	at org.apache.tomcat.util.net.NioEndpoint$SocketProcessor.doRun(NioEndpoint.java:1740) ~[tomcat-embed-core-10.1.40.jar:10.1.40]
	at org.apache.tomcat.util.net.SocketProcessorBase.run(SocketProcessorBase.java:52) ~[tomcat-embed-core-10.1.40.jar:10.1.40]
	at org.apache.tomcat.util.threads.ThreadPoolExecutor.runWorker(ThreadPoolExecutor.java:1189) ~[tomcat-embed-core-10.1.40.jar:10.1.40]
	at org.apache.tomcat.util.threads.ThreadPoolExecutor$Worker.run(ThreadPoolExecutor.java:658) ~[tomcat-embed-core-10.1.40.jar:10.1.40]
	at org.apache.tomcat.util.threads.TaskThread$WrappingRunnable.run(TaskThread.java:63) ~[tomcat-embed-core-10.1.40.jar:10.1.40]
	at java.base/java.lang.Thread.run(Thread.java:1516) ~[na:na]

2026-09-17T21:48:43.678+05:30  INFO 68908 --- [spring-logger-practice] [http-nio-8082-exec-9] c.e.logger.controller.UserController     : Received request to find user with id=1
2026-09-17T21:48:43.679+05:30 DEBUG 68908 --- [spring-logger-practice] [http-nio-8082-exec-9] com.example.logger.service.UserService   : Searching database for user with id=1
2026-09-17T21:48:43.680+05:30 DEBUG 68908 --- [spring-logger-practice] [http-nio-8082-exec-9] com.example.logger.service.UserService   : User found successfully for id=1
2026-09-17T21:48:43.680+05:30  INFO 68908 --- [spring-logger-practice] [http-nio-8082-exec-9] c.e.logger.controller.UserController     : Returning user response for id=1
